<html>
<body>
<pre>
<h1>µVision Build Log</h1>
<h2>Tool Versions:</h2>
IDE-Version: ¦ÌVision V5.38.0.0
Copyright (C) 2022 ARM Ltd and ARM Germany GmbH. All rights reserved.
License Information: a a, a, LIC=YA39H-WFGZN-Y8XFK-ZABHU-GB9KY-SWEVT
 
Tool Versions:
Toolchain:       MDK-ARM Plus  Version: 5.38.0.0
Toolchain Path:  C:\Keil_v5\ARM\arm5_compiler\Bin
C Compiler:      Armcc.exe V5.06 update 7 (build 960)
Assembler:       Armasm.exe V5.06 update 7 (build 960)
Linker/Locator:  ArmLink.exe V5.06 update 7 (build 960)
Library Manager: ArmAr.exe V5.06 update 7 (build 960)
Hex Converter:   FromElf.exe V5.06 update 7 (build 960)
CPU DLL:         SARMCM3.DLL V5.38.0.0
Dialog DLL:      DCM.DLL V1.17.5.0
Target DLL:      STLink\ST-LINKIII-KEIL_SWO.dll V3.1.0.0
Dialog DLL:      TCM.DLL V1.56.4.0
 
<h2>Project:</h2>
c:\Users\lzc\Desktop\class_code\13_FirstDodumentCase\13_FirstDodumentCase.uvprojx
Project File Date:  01/16/2024

<h2>Output:</h2>
*** Using Compiler 'V5.06 update 7 (build 960)', folder: 'C:\Keil_v5\ARM\arm5_compiler\Bin'
Rebuild target 'Target 1'
assembling startup_stm32f10x_hd.s...
compiling core_cm3.c...
compiling Driver_LED.c...
compiling Driver_I2C2.c...
compiling Delay.c...
compiling main.c...
User\main.c(118): warning:  #1-D: last line of file ends without a newline
  }
User\main.c: 1 warning, 0 errors
compiling system_stm32f10x.c...
compiling Driver_USART.c...
compiling Driver_Key.c...
compiling Inf_W24C02.c...
Inf\w24c02\Inf_W24C02.c(10): warning:  #550-D: variable "ack"  was set but never used
      uint8_t ack;
Inf\w24c02\Inf_W24C02.c: 1 warning, 0 errors
linking...
Program Size: Code=4588 RO-data=400 RW-data=16 ZI-data=1040  
FromELF: creating hex file...
".\Objects\01_LED_Register.axf" - 0 Error(s), 2 Warning(s).

<h2>Software Packages used:</h2>

Package Vendor: Keil
                https://www.keil.com/pack/Keil.STM32F1xx_DFP.2.4.1.pack
                Keil.STM32F1xx_DFP.2.4.1
                STMicroelectronics STM32F1 Series Device Support, Drivers and Examples

<h2>Collection of Component include folders:</h2>
  C:/Users/lzc/AppData/Local/Arm/Packs/Keil/STM32F1xx_DFP/2.4.1/Device/Include

<h2>Collection of Component Files used:</h2>
Build Time Elapsed:  00:00:02
</pre>
</body>
</html>
